C51 COMPILER V9.60.0.0   MAIN                                                              08/02/2022 15:40:58 PAGE 1   


C51 COMPILER V9.60.0.0, COMPILATION OF MODULE MAIN
OBJECT MODULE PLACED IN .\Objects\main.obj
COMPILER INVOKED BY: D:\keil5\C51\BIN\C51.EXE main.c OPTIMIZE(8,SPEED) BROWSE DEBUG OBJECTEXTEND PRINT(.\Listings\main.l
                    -st) OBJECT(.\Objects\main.obj)

line level    source

   1          #include <REGX52.H>
   2          #include "LCD1602.h"
   3          #include "timer0.h"
   4          #include "Delay.h"
   5          
   6          unsigned char sec=50,min=58,hour=22;
   7          void main()
   8          {
   9   1              LCD_Init();
  10   1              Timer_Init();
  11   1              LCD_ShowString(1,1,"Clock:");
  12   1              LCD_ShowString(2,3,":");
  13   1                      LCD_ShowString(2,6,":");
  14   1              while(1)
  15   1              {
  16   2                      LCD_ShowNum(2,1,hour,2);
  17   2                      LCD_ShowNum(2,4,min,2);
  18   2                      LCD_ShowNum(2,7,sec,2);
  19   2                      if(P3_1==0)
  20   2                              {
  21   3                                      Delay(20);
  22   3                                      while(P3_1==0);
  23   3                                      Delay(20);
  24   3                                      if(hour<=22)
  25   3                                              hour++;
  26   3                                      else
  27   3                                              (hour=0);
  28   3                              }
  29   2                      if(P3_0==0)
  30   2                              {
  31   3                                      Delay(20);
  32   3                                      while(P3_0==0);
  33   3                                      Delay(20);
  34   3                                      if(min<=58)
  35   3                                              min++;
  36   3                                      else
  37   3                                              (min=0);
  38   3                              }
  39   2                      if(P3_2==0)
  40   2                              {
  41   3                                      Delay(20);
  42   3                                      while(P3_2==0);
  43   3                                      Delay(20);
  44   3                                      if(sec<=58)
  45   3                                              sec++;
  46   3                                      else
  47   3                                              (sec=0);
  48   3                              }
  49   2              }
  50   1      }
  51          void Timer0_Routine() interrupt 1
  52          {
  53   1              static int T0count;
  54   1              TH0=64535/256;
C51 COMPILER V9.60.0.0   MAIN                                                              08/02/2022 15:40:58 PAGE 2   

  55   1              TL0=64535%256;
  56   1              T0count++;
  57   1              if (T0count>=1000)
  58   1              {
  59   2                      T0count=0;
  60   2                      if(sec<=58)
  61   2                              sec++;
  62   2                      else
  63   2                      {
  64   3                              if(min<=58)
  65   3                                      min++;
  66   3                              else
  67   3                              {
  68   4                                      if(hour<=22)
  69   4                                              hour++;
  70   4                                      else
  71   4                                              hour=0;
  72   4                                      min=0;
  73   4                              }
  74   3                              sec=0;
  75   3                      }
  76   2              }
  77   1      }


MODULE INFORMATION:   STATIC OVERLAYABLE
   CODE SIZE        =    302    ----
   CONSTANT SIZE    =      9    ----
   XDATA SIZE       =   ----    ----
   PDATA SIZE       =   ----    ----
   DATA SIZE        =      5    ----
   IDATA SIZE       =   ----    ----
   BIT SIZE         =   ----    ----
END OF MODULE INFORMATION.


C51 COMPILATION COMPLETE.  0 WARNING(S),  0 ERROR(S)
